
> Cardapio Lanchonete Renascer@0.0.0 build
> vite build

[36mvite v7.3.1 [32mbuilding client environment for production...[36m[39m
transforming...
[32mÔ£ô[39m 34 modules transformed.
Ô£ù Build failed in 5.49s
error during build:
[vite:esbuild] Transform failed with 3 errors:
C:/Users/LeonardoIdalgo/Desktop/Cardapio Lanchonete Renascer/src/pages/CheckoutFlow.jsx:4:9: ERROR: The symbol "Copy" has already been declared
C:/Users/LeonardoIdalgo/Desktop/Cardapio Lanchonete Renascer/src/pages/CheckoutFlow.jsx:4:15: ERROR: The symbol "Check" has already been declared
C:/Users/LeonardoIdalgo/Desktop/Cardapio Lanchonete Renascer/src/pages/CheckoutFlow.jsx:4:22: ERROR: The symbol "ArrowLeft" has already been declared
file: C:/Users/LeonardoIdalgo/Desktop/Cardapio Lanchonete Renascer/src/pages/CheckoutFlow.jsx:4:9

The symbol "Copy" has already been declared
2  |  import { QRCodeSVG } from 'qrcode.react';
3  |  import { Copy, Check, ArrowLeft } from 'lucide-react';
4  |  import { Copy, Check, ArrowLeft } from 'lucide-react';
   |           ^
5  |  import { motion } from 'framer-motion';
6  |  import LoadingOverlay from '../components/LoadingOverlay';

The symbol "Check" has already been declared
2  |  import { QRCodeSVG } from 'qrcode.react';
3  |  import { Copy, Check, ArrowLeft } from 'lucide-react';
4  |  import { Copy, Check, ArrowLeft } from 'lucide-react';
   |                 ^
5  |  import { motion } from 'framer-motion';
6  |  import LoadingOverlay from '../components/LoadingOverlay';

The symbol "ArrowLeft" has already been declared
2  |  import { QRCodeSVG } from 'qrcode.react';
3  |  import { Copy, Check, ArrowLeft } from 'lucide-react';
4  |  import { Copy, Check, ArrowLeft } from 'lucide-react';
   |                        ^
5  |  import { motion } from 'framer-motion';
6  |  import LoadingOverlay from '../components/LoadingOverlay';

    at failureErrorWithLog (C:\Users\LeonardoIdalgo\Desktop\Cardapio Lanchonete Renascer\node_modules\esbuild\lib\main.js:1467:15)
    at C:\Users\LeonardoIdalgo\Desktop\Cardapio Lanchonete Renascer\node_modules\esbuild\lib\main.js:736:50
    at responseCallbacks.<computed> (C:\Users\LeonardoIdalgo\Desktop\Cardapio Lanchonete Renascer\node_modules\esbuild\lib\main.js:603:9)
    at handleIncomingPacket (C:\Users\LeonardoIdalgo\Desktop\Cardapio Lanchonete Renascer\node_modules\esbuild\lib\main.js:658:12)
    at Socket.readFromStdout (C:\Users\LeonardoIdalgo\Desktop\Cardapio Lanchonete Renascer\node_modules\esbuild\lib\main.js:581:7)
    at Socket.emit (node:events:518:28)
    at addChunk (node:internal/streams/readable:561:12)
    at readableAddChunkPushByteMode (node:internal/streams/readable:512:3)
    at Readable.push (node:internal/streams/readable:392:5)
    at Pipe.onStreamRead (node:internal/stream_base_commons:189:23)
